Archive member included to satisfy reference by file (symbol)

c:/st/stm32cubeide_1.4.0/stm32cubeide/plugins/com.st.stm32cube.ide.mcu.externaltools.gnu-tools-for-stm32.7-2018-q2-update.win32_1.5.0.202011040924/tools/bin/../lib/gcc/arm-none-eabi/7.3.1/../../../../arm-none-eabi/lib/thumb/v7-m\libc_nano.a(lib_a-errno.o)
                              Src/syscalls.o (__errno)
c:/st/stm32cubeide_1.4.0/stm32cubeide/plugins/com.st.stm32cube.ide.mcu.externaltools.gnu-tools-for-stm32.7-2018-q2-update.win32_1.5.0.202011040924/tools/bin/../lib/gcc/arm-none-eabi/7.3.1/../../../../arm-none-eabi/lib/thumb/v7-m\libc_nano.a(lib_a-exit.o)
                              c:/st/stm32cubeide_1.4.0/stm32cubeide/plugins/com.st.stm32cube.ide.mcu.externaltools.gnu-tools-for-stm32.7-2018-q2-update.win32_1.5.0.202011040924/tools/bin/../lib/gcc/arm-none-eabi/7.3.1/../../../../arm-none-eabi/lib/thumb/v7-m/crt0.o (exit)
c:/st/stm32cubeide_1.4.0/stm32cubeide/plugins/com.st.stm32cube.ide.mcu.externaltools.gnu-tools-for-stm32.7-2018-q2-update.win32_1.5.0.202011040924/tools/bin/../lib/gcc/arm-none-eabi/7.3.1/../../../../arm-none-eabi/lib/thumb/v7-m\libc_nano.a(lib_a-impure.o)
                              c:/st/stm32cubeide_1.4.0/stm32cubeide/plugins/com.st.stm32cube.ide.mcu.externaltools.gnu-tools-for-stm32.7-2018-q2-update.win32_1.5.0.202011040924/tools/bin/../lib/gcc/arm-none-eabi/7.3.1/../../../../arm-none-eabi/lib/thumb/v7-m\libc_nano.a(lib_a-exit.o) (_global_impure_ptr)
c:/st/stm32cubeide_1.4.0/stm32cubeide/plugins/com.st.stm32cube.ide.mcu.externaltools.gnu-tools-for-stm32.7-2018-q2-update.win32_1.5.0.202011040924/tools/bin/../lib/gcc/arm-none-eabi/7.3.1/../../../../arm-none-eabi/lib/thumb/v7-m\libc_nano.a(lib_a-init.o)
                              c:/st/stm32cubeide_1.4.0/stm32cubeide/plugins/com.st.stm32cube.ide.mcu.externaltools.gnu-tools-for-stm32.7-2018-q2-update.win32_1.5.0.202011040924/tools/bin/../lib/gcc/arm-none-eabi/7.3.1/../../../../arm-none-eabi/lib/thumb/v7-m/crt0.o (__libc_init_array)
c:/st/stm32cubeide_1.4.0/stm32cubeide/plugins/com.st.stm32cube.ide.mcu.externaltools.gnu-tools-for-stm32.7-2018-q2-update.win32_1.5.0.202011040924/tools/bin/../lib/gcc/arm-none-eabi/7.3.1/../../../../arm-none-eabi/lib/thumb/v7-m\libc_nano.a(lib_a-memset.o)
                              c:/st/stm32cubeide_1.4.0/stm32cubeide/plugins/com.st.stm32cube.ide.mcu.externaltools.gnu-tools-for-stm32.7-2018-q2-update.win32_1.5.0.202011040924/tools/bin/../lib/gcc/arm-none-eabi/7.3.1/../../../../arm-none-eabi/lib/thumb/v7-m/crt0.o (memset)

Allocating common symbols
Common symbol       size              file

hspi2               0x58              Src/main.o
huart3              0x40              Src/main.o
hi2c1               0x54              Src/main.o
hi2c2               0x54              Src/main.o
uwTick              0x4               Drivers/STM32L1xx_HAL_Driver/Src/stm32l1xx_hal.o
pFlash              0x18              Drivers/STM32L1xx_HAL_Driver/Src/stm32l1xx_hal_flash.o
hspi3               0x58              Src/main.o
huart1              0x40              Src/main.o
hdac                0x14              Src/main.o
hspi1               0x58              Src/main.o
huart2              0x40              Src/main.o
hpcd_USB_FS         0x220             Src/main.o

Discarded input sections

 .text          0x0000000000000000        0x0 c:/st/stm32cubeide_1.4.0/stm32cubeide/plugins/com.st.stm32cube.ide.mcu.externaltools.gnu-tools-for-stm32.7-2018-q2-update.win32_1.5.0.202011040924/tools/bin/../lib/gcc/arm-none-eabi/7.3.1/thumb/v7-m/crti.o
 .data          0x0000000000000000        0x0 c:/st/stm32cubeide_1.4.0/stm32cubeide/plugins/com.st.stm32cube.ide.mcu.externaltools.gnu-tools-for-stm32.7-2018-q2-update.win32_1.5.0.202011040924/tools/bin/../lib/gcc/arm-none-eabi/7.3.1/thumb/v7-m/crti.o
 .bss           0x0000000000000000        0x0 c:/st/stm32cubeide_1.4.0/stm32cubeide/plugins/com.st.stm32cube.ide.mcu.externaltools.gnu-tools-for-stm32.7-2018-q2-update.win32_1.5.0.202011040924/tools/bin/../lib/gcc/arm-none-eabi/7.3.1/thumb/v7-m/crti.o
 .data          0x0000000000000000        0x4 c:/st/stm32cubeide_1.4.0/stm32cubeide/plugins/com.st.stm32cube.ide.mcu.externaltools.gnu-tools-for-stm32.7-2018-q2-update.win32_1.5.0.202011040924/tools/bin/../lib/gcc/arm-none-eabi/7.3.1/thumb/v7-m/crtbegin.o
 .text          0x0000000000000000       0x74 c:/st/stm32cubeide_1.4.0/stm32cubeide/plugins/com.st.stm32cube.ide.mcu.externaltools.gnu-tools-for-stm32.7-2018-q2-update.win32_1.5.0.202011040924/tools/bin/../lib/gcc/arm-none-eabi/7.3.1/../../../../arm-none-eabi/lib/thumb/v7-m/crt0.o
 .data          0x0000000000000000        0x0 c:/st/stm32cubeide_1.4.0/stm32cubeide/plugins/com.st.stm32cube.ide.mcu.externaltools.gnu-tools-for-stm32.7-2018-q2-update.win32_1.5.0.202011040924/tools/bin/../lib/gcc/arm-none-eabi/7.3.1/../../../../arm-none-eabi/lib/thumb/v7-m/crt0.o
[...]
Memory Configuration

Name             Origin             Length             Attributes
RAM              0x0000000020000000 0x0000000000008000 xrw
FLASH            0x0000000008000000 0x0000000000040000 xr
*default*        0x0000000000000000 0xffffffffffffffff

Linker script and memory map

LOAD c:/st/stm32cubeide_1.4.0/stm32cubeide/plugins/com.st.stm32cube.ide.mcu.externaltools.gnu-tools-for-stm32.7-2018-q2-update.win32_1.5.0.202011040924/tools/bin/../lib/gcc/arm-none-eabi/7.3.1/thumb/v7-m/crti.o
LOAD c:/st/stm32cubeide_1.4.0/stm32cubeide/plugins/com.st.stm32cube.ide.mcu.externaltools.gnu-tools-for-stm32.7-2018-q2-update.win32_1.5.0.202011040924/tools/bin/../lib/gcc/arm-none-eabi/7.3.1/thumb/v7-m/crtbegin.o
LOAD c:/st/stm32cubeide_1.4.0/stm32cubeide/plugins/com.st.stm32cube.ide.mcu.externaltools.gnu-tools-for-stm32.7-2018-q2-update.win32_1.5.0.202011040924/tools/bin/../lib/gcc/arm-none-eabi/7.3.1/../../../../arm-none-eabi/lib/thumb/v7-m/crt0.o
LOAD Drivers/STM32L1xx_HAL_Driver/Src/stm32l1xx_hal.o
LOAD Drivers/STM32L1xx_HAL_Driver/Src/stm32l1xx_hal_cortex.o
LOAD Drivers/STM32L1xx_HAL_Driver/Src/stm32l1xx_hal_dac.o
LOAD Drivers/STM32L1xx_HAL_Driver/Src/stm32l1xx_hal_dac_ex.o
LOAD Drivers/STM32L1xx_HAL_Driver/Src/stm32l1xx_hal_dma.o
LOAD Drivers/STM32L1xx_HAL_Driver/Src/stm32l1xx_hal_flash.o
LOAD Drivers/STM32L1xx_HAL_Driver/Src/stm32l1xx_hal_flash_ex.o
LOAD Drivers/STM32L1xx_HAL_Driver/Src/stm32l1xx_hal_flash_ramfunc.o
LOAD Drivers/STM32L1xx_HAL_Driver/Src/stm32l1xx_hal_gpio.o
LOAD Drivers/STM32L1xx_HAL_Driver/Src/stm32l1xx_hal_i2c.o
LOAD Drivers/STM32L1xx_HAL_Driver/Src/stm32l1xx_hal_pcd.o
LOAD Drivers/STM32L1xx_HAL_Driver/Src/stm32l1xx_hal_pcd_ex.o
LOAD Drivers/STM32L1xx_HAL_Driver/Src/stm32l1xx_hal_pwr.o
LOAD Drivers/STM32L1xx_HAL_Driver/Src/stm32l1xx_hal_pwr_ex.o
LOAD Drivers/STM32L1xx_HAL_Driver/Src/stm32l1xx_hal_rcc.o
LOAD Drivers/STM32L1xx_HAL_Driver/Src/stm32l1xx_hal_rcc_ex.o
LOAD Drivers/STM32L1xx_HAL_Driver/Src/stm32l1xx_hal_spi.o
LOAD Drivers/STM32L1xx_HAL_Driver/Src/stm32l1xx_hal_spi_ex.o
LOAD Drivers/STM32L1xx_HAL_Driver/Src/stm32l1xx_hal_tim.o
LOAD Drivers/STM32L1xx_HAL_Driver/Src/stm32l1xx_hal_tim_ex.o
LOAD Drivers/STM32L1xx_HAL_Driver/Src/stm32l1xx_hal_uart.o
LOAD Src/main.o
LOAD Src/stm32l1xx_hal_msp.o
LOAD Src/stm32l1xx_it.o
LOAD Src/syscalls.o
LOAD Src/sysmem.o
LOAD Src/system_stm32l1xx.o
LOAD Startup/startup_stm32l152vctx.o
START GROUP
LOAD c:/st/stm32cubeide_1.4.0/stm32cubeide/plugins/com.st.stm32cube.ide.mcu.externaltools.gnu-tools-for-stm32.7-2018-q2-update.win32_1.5.0.202011040924/tools/bin/../lib/gcc/arm-none-eabi/7.3.1/../../../../arm-none-eabi/lib/thumb/v7-m\libc_nano.a
LOAD c:/st/stm32cubeide_1.4.0/stm32cubeide/plugins/com.st.stm32cube.ide.mcu.externaltools.gnu-tools-for-stm32.7-2018-q2-update.win32_1.5.0.202011040924/tools/bin/../lib/gcc/arm-none-eabi/7.3.1/../../../../arm-none-eabi/lib/thumb/v7-m\libm.a
END GROUP
START GROUP
LOAD c:/st/stm32cubeide_1.4.0/stm32cubeide/plugins/com.st.stm32cube.ide.mcu.externaltools.gnu-tools-for-stm32.7-2018-q2-update.win32_1.5.0.202011040924/tools/bin/../lib/gcc/arm-none-eabi/7.3.1/thumb/v7-m\libgcc.a
LOAD c:/st/stm32cubeide_1.4.0/stm32cubeide/plugins/com.st.stm32cube.ide.mcu.externaltools.gnu-tools-for-stm32.7-2018-q2-update.win32_1.5.0.202011040924/tools/bin/../lib/gcc/arm-none-eabi/7.3.1/../../../../arm-none-eabi/lib/thumb/v7-m\libc_nano.a
END GROUP
START GROUP
LOAD c:/st/stm32cubeide_1.4.0/stm32cubeide/plugins/com.st.stm32cube.ide.mcu.externaltools.gnu-tools-for-stm32.7-2018-q2-update.win32_1.5.0.202011040924/tools/bin/../lib/gcc/arm-none-eabi/7.3.1/thumb/v7-m\libgcc.a
LOAD c:/st/stm32cubeide_1.4.0/stm32cubeide/plugins/com.st.stm32cube.ide.mcu.externaltools.gnu-tools-for-stm32.7-2018-q2-update.win32_1.5.0.202011040924/tools/bin/../lib/gcc/arm-none-eabi/7.3.1/../../../../arm-none-eabi/lib/thumb/v7-m\libc_nano.a
LOAD c:/st/stm32cubeide_1.4.0/stm32cubeide/plugins/com.st.stm32cube.ide.mcu.externaltools.gnu-tools-for-stm32.7-2018-q2-update.win32_1.5.0.202011040924/tools/bin/../lib/gcc/arm-none-eabi/7.3.1/../../../../arm-none-eabi/lib/thumb/v7-m\libnosys.a
END GROUP
START GROUP
LOAD c:/st/stm32cubeide_1.4.0/stm32cubeide/plugins/com.st.stm32cube.ide.mcu.externaltools.gnu-tools-for-stm32.7-2018-q2-update.win32_1.5.0.202011040924/tools/bin/../lib/gcc/arm-none-eabi/7.3.1/thumb/v7-m\libgcc.a
LOAD c:/st/stm32cubeide_1.4.0/stm32cubeide/plugins/com.st.stm32cube.ide.mcu.externaltools.gnu-tools-for-stm32.7-2018-q2-update.win32_1.5.0.202011040924/tools/bin/../lib/gcc/arm-none-eabi/7.3.1/../../../../arm-none-eabi/lib/thumb/v7-m\libc_nano.a
LOAD c:/st/stm32cubeide_1.4.0/stm32cubeide/plugins/com.st.stm32cube.ide.mcu.externaltools.gnu-tools-for-stm32.7-2018-q2-update.win32_1.5.0.202011040924/tools/bin/../lib/gcc/arm-none-eabi/7.3.1/../../../../arm-none-eabi/lib/thumb/v7-m\libnosys.a
END GROUP
LOAD c:/st/stm32cubeide_1.4.0/stm32cubeide/plugins/com.st.stm32cube.ide.mcu.externaltools.gnu-tools-for-stm32.7-2018-q2-update.win32_1.5.0.202011040924/tools/bin/../lib/gcc/arm-none-eabi/7.3.1/thumb/v7-m/crtend.o
LOAD c:/st/stm32cubeide_1.4.0/stm32cubeide/plugins/com.st.stm32cube.ide.mcu.externaltools.gnu-tools-for-stm32.7-2018-q2-update.win32_1.5.0.202011040924/tools/bin/../lib/gcc/arm-none-eabi/7.3.1/thumb/v7-m/crtn.o
                0x0000000020008000                _estack = (ORIGIN (RAM) + LENGTH (RAM))
                0x0000000000000200                _Min_Heap_Size = 0x200
                0x0000000000000400                _Min_Stack_Size = 0x400

.isr_vector     0x0000000008000000      0x13c
                0x0000000008000000                . = ALIGN (0x4)
 *(.isr_vector)
 .isr_vector    0x0000000008000000      0x13c Startup/startup_stm32l152vctx.o
                0x0000000008000000                g_pfnVectors
                0x000000000800013c                . = ALIGN (0x4)

.text           0x000000000800013c     0x3268
                0x000000000800013c                . = ALIGN (0x4)
 *(.text)
 .text          0x000000000800013c       0x40 c:/st/stm32cubeide_1.4.0/stm32cubeide/plugins/com.st.stm32cube.ide.mcu.externaltools.gnu-tools-for-stm32.7-2018-q2-update.win32_1.5.0.202011040924/tools/bin/../lib/gcc/arm-none-eabi/7.3.1/thumb/v7-m/crtbegin.o
 *(.text*)
 .text.HAL_Init
                0x000000000800017c       0x1a Drivers/STM32L1xx_HAL_Driver/Src/stm32l1xx_hal.o
                0x000000000800017c                HAL_Init
 *fill*         0x0000000008000196        0x2 
 .text.HAL_InitTick
                0x0000000008000198       0x38 Drivers/STM32L1xx_HAL_Driver/Src/stm32l1xx_hal.o
                0x0000000008000198                HAL_InitTick
 .text.HAL_IncTick
                0x00000000080001d0       0x1c Drivers/STM32L1xx_HAL_Driver/Src/stm32l1xx_hal.o
                0x00000000080001d0                HAL_IncTick
 .text.HAL_GetTick
                0x00000000080001ec       0x14 Drivers/STM32L1xx_HAL_Driver/Src/stm32l1xx_hal.o
                0x00000000080001ec                HAL_GetTick
 .text.NVIC_SetPriorityGrouping
                0x0000000008000200       0x48 Drivers/STM32L1xx_HAL_Driver/Src/stm32l1xx_hal_cortex.o
 .text.NVIC_GetPriorityGrouping
                0x0000000008000248       0x1c Drivers/STM32L1xx_HAL_Driver/Src/stm32l1xx_hal_cortex.o
 .text.NVIC_SetPriority
                0x0000000008000264       0x54 Drivers/STM32L1xx_HAL_Driver/Src/stm32l1xx_hal_cortex.o
 .text.NVIC_EncodePriority
                0x00000000080002b8       0x64 Drivers/STM32L1xx_HAL_Driver/Src/stm32l1xx_hal_cortex.o
 .text.SysTick_Config
                0x000000000800031c       0x44 Drivers/STM32L1xx_HAL_Driver/Src/stm32l1xx_hal_cortex.o
 .text.HAL_NVIC_SetPriorityGrouping
                0x0000000008000360       0x16 Drivers/STM32L1xx_HAL_Driver/Src/stm32l1xx_hal_cortex.o
                0x0000000008000360                HAL_NVIC_SetPriorityGrouping
 .text.HAL_NVIC_SetPriority
                0x0000000008000376       0x38 Drivers/STM32L1xx_HAL_Driver/Src/stm32l1xx_hal_cortex.o
                0x0000000008000376                HAL_NVIC_SetPriority
 .text.HAL_SYSTICK_Config
                0x00000000080003ae       0x18 Drivers/STM32L1xx_HAL_Driver/Src/stm32l1xx_hal_cortex.o
                0x00000000080003ae                HAL_SYSTICK_Config
 .text.HAL_DAC_Init
                0x00000000080003c6       0x44 Drivers/STM32L1xx_HAL_Driver/Src/stm32l1xx_hal_dac.o
                0x00000000080003c6                HAL_DAC_Init
 .text.HAL_DAC_ConfigChannel
                0x000000000800040a       0x8c Drivers/STM32L1xx_HAL_Driver/Src/stm32l1xx_hal_dac.o
                0x000000000800040a                HAL_DAC_ConfigChannel
 *fill*         0x0000000008000496        0x2 
 .text.HAL_GPIO_Init
                0x0000000008000498      0x2fc Drivers/STM32L1xx_HAL_Driver/Src/stm32l1xx_hal_gpio.o
                0x0000000008000498                HAL_GPIO_Init
 .text.HAL_GPIO_WritePin
                0x0000000008000794       0x30 Drivers/STM32L1xx_HAL_Driver/Src/stm32l1xx_hal_gpio.o
                0x0000000008000794                HAL_GPIO_WritePin
 .text.HAL_I2C_Init
                0x00000000080007c4      0x220 Drivers/STM32L1xx_HAL_Driver/Src/stm32l1xx_hal_i2c.o
                0x00000000080007c4                HAL_I2C_Init
 .text.HAL_PCD_Init
                0x00000000080009e4      0x1c0 Drivers/STM32L1xx_HAL_Driver/Src/stm32l1xx_hal_pcd.o
                0x00000000080009e4                HAL_PCD_Init
 .text.HAL_RCC_OscConfig
                0x0000000008000ba4      0xef4 Drivers/STM32L1xx_HAL_Driver/Src/stm32l1xx_hal_rcc.o
                0x0000000008000ba4                HAL_RCC_OscConfig
 .text.HAL_RCC_ClockConfig
                0x0000000008001a98      0x3b0 Drivers/STM32L1xx_HAL_Driver/Src/stm32l1xx_hal_rcc.o
                0x0000000008001a98                HAL_RCC_ClockConfig
 .text.HAL_RCC_GetSysClockFreq
                0x0000000008001e48      0x108 Drivers/STM32L1xx_HAL_Driver/Src/stm32l1xx_hal_rcc.o
                0x0000000008001e48                HAL_RCC_GetSysClockFreq
 .text.HAL_RCC_GetHCLKFreq
                0x0000000008001f50       0x14 Drivers/STM32L1xx_HAL_Driver/Src/stm32l1xx_hal_rcc.o
                0x0000000008001f50                HAL_RCC_GetHCLKFreq
 .text.HAL_RCC_GetPCLK1Freq
                0x0000000008001f64       0x44 Drivers/STM32L1xx_HAL_Driver/Src/stm32l1xx_hal_rcc.o
                0x0000000008001f64                HAL_RCC_GetPCLK1Freq
 .text.HAL_RCC_GetPCLK2Freq
                0x0000000008001fa8       0x44 Drivers/STM32L1xx_HAL_Driver/Src/stm32l1xx_hal_rcc.o
                0x0000000008001fa8                HAL_RCC_GetPCLK2Freq
 .text.RCC_SetFlashLatencyFromMSIRange
                0x0000000008001fec       0xc4 Drivers/STM32L1xx_HAL_Driver/Src/stm32l1xx_hal_rcc.o
 .text.HAL_SPI_Init
                0x00000000080020b0       0xcc Drivers/STM32L1xx_HAL_Driver/Src/stm32l1xx_hal_spi_ex.o
                0x00000000080020b0                HAL_SPI_Init
 .text.HAL_UART_Init
                0x000000000800217c       0x92 Drivers/STM32L1xx_HAL_Driver/Src/stm32l1xx_hal_uart.o
                0x000000000800217c                HAL_UART_Init
 .text.HAL_HalfDuplex_Init
                0x000000000800220e       0xa2 Drivers/STM32L1xx_HAL_Driver/Src/stm32l1xx_hal_uart.o
                0x000000000800220e                HAL_HalfDuplex_Init
 .text.UART_SetConfig
                0x00000000080022b0      0x400 Drivers/STM32L1xx_HAL_Driver/Src/stm32l1xx_hal_uart.o
 .text.main     0x00000000080026b0       0x3a Src/main.o
                0x00000000080026b0                main
 *fill*         0x00000000080026ea        0x2 
 .text.SystemClock_Config
                0x00000000080026ec       0x98 Src/main.o
                0x00000000080026ec                SystemClock_Config
 .text.MX_DAC_Init
                0x0000000008002784       0x68 Src/main.o
 .text.MX_I2C1_Init
                0x00000000080027ec       0x5c Src/main.o
 .text.MX_I2C2_Init
                0x0000000008002848       0x5c Src/main.o
 .text.MX_SPI1_Init
                0x00000000080028a4       0x6c Src/main.o
 .text.MX_SPI2_Init
                0x0000000008002910       0x6c Src/main.o
 .text.MX_SPI3_Init
                0x000000000800297c       0x6c Src/main.o
 .text.MX_USART1_UART_Init
                0x00000000080029e8       0x54 Src/main.o
 .text.MX_USART2_UART_Init
                0x0000000008002a3c       0x54 Src/main.o
 .text.MX_USART3_UART_Init
                0x0000000008002a90       0x54 Src/main.o
 .text.MX_USB_PCD_Init
                0x0000000008002ae4       0x44 Src/main.o
 .text.MX_GPIO_Init
                0x0000000008002b28      0x1f8 Src/main.o
 .text.Error_Handler
                0x0000000008002d20        0xc Src/main.o
                0x0000000008002d20                Error_Handler
 .text.HAL_MspInit
                0x0000000008002d2c       0x5c Src/stm32l1xx_hal_msp.o
                0x0000000008002d2c                HAL_MspInit
 .text.HAL_DAC_MspInit
                0x0000000008002d88       0x80 Src/stm32l1xx_hal_msp.o
                0x0000000008002d88                HAL_DAC_MspInit
 .text.HAL_I2C_MspInit
                0x0000000008002e08       0xe8 Src/stm32l1xx_hal_msp.o
                0x0000000008002e08                HAL_I2C_MspInit
 .text.HAL_SPI_MspInit
                0x0000000008002ef0      0x190 Src/stm32l1xx_hal_msp.o
                0x0000000008002ef0                HAL_SPI_MspInit
 .text.HAL_UART_MspInit
                0x0000000008003080      0x170 Src/stm32l1xx_hal_msp.o
                0x0000000008003080                HAL_UART_MspInit
 .text.HAL_PCD_MspInit
                0x00000000080031f0       0x3c Src/stm32l1xx_hal_msp.o
                0x00000000080031f0                HAL_PCD_MspInit
 .text.NMI_Handler
                0x000000000800322c        0xc Src/stm32l1xx_it.o
                0x000000000800322c                NMI_Handler
 .text.HardFault_Handler
                0x0000000008003238        0x6 Src/stm32l1xx_it.o
                0x0000000008003238                HardFault_Handler
 .text.MemManage_Handler
                0x000000000800323e        0x6 Src/stm32l1xx_it.o
                0x000000000800323e                MemManage_Handler
 .text.BusFault_Handler
                0x0000000008003244        0x6 Src/stm32l1xx_it.o
                0x0000000008003244                BusFault_Handler
 .text.UsageFault_Handler
                0x000000000800324a        0x6 Src/stm32l1xx_it.o
                0x000000000800324a                UsageFault_Handler
 .text.SVC_Handler
                0x0000000008003250        0xc Src/stm32l1xx_it.o
                0x0000000008003250                SVC_Handler
 .text.DebugMon_Handler
                0x000000000800325c        0xc Src/stm32l1xx_it.o
                0x000000000800325c                DebugMon_Handler
 .text.PendSV_Handler
                0x0000000008003268        0xc Src/stm32l1xx_it.o
                0x0000000008003268                PendSV_Handler
 .text.SysTick_Handler
                0x0000000008003274        0xc Src/stm32l1xx_it.o
                0x0000000008003274                SysTick_Handler
 .text.SystemInit
                0x0000000008003280       0x68 Src/system_stm32l1xx.o
                0x0000000008003280                SystemInit
 .text.Reset_Handler
                0x00000000080032e8       0x48 Startup/startup_stm32l152vctx.o
                0x00000000080032e8                Reset_Handler
 .text.Default_Handler
                0x0000000008003330        0x2 Startup/startup_stm32l152vctx.o
                0x0000000008003330                RTC_Alarm_IRQHandler
                0x0000000008003330                EXTI2_IRQHandler
                0x0000000008003330                COMP_ACQ_IRQHandler
                0x0000000008003330                TIM10_IRQHandler
                0x0000000008003330                USB_HP_IRQHandler
                0x0000000008003330                TIM6_IRQHandler
                0x0000000008003330                PVD_IRQHandler
                0x0000000008003330                EXTI3_IRQHandler
                0x0000000008003330                EXTI0_IRQHandler
                0x0000000008003330                I2C2_EV_IRQHandler
                0x0000000008003330                SPI1_IRQHandler
                0x0000000008003330                USB_FS_WKUP_IRQHandler
                0x0000000008003330                DMA2_Channel2_IRQHandler
                0x0000000008003330                DMA1_Channel4_IRQHandler
                0x0000000008003330                ADC1_IRQHandler
                0x0000000008003330                USART3_IRQHandler
                0x0000000008003330                DMA1_Channel7_IRQHandler
                0x0000000008003330                LCD_IRQHandler
                0x0000000008003330                TIM4_IRQHandler
                0x0000000008003330                DMA2_Channel1_IRQHandler
                0x0000000008003330                I2C1_EV_IRQHandler
                0x0000000008003330                DMA1_Channel6_IRQHandler
                0x0000000008003330                DMA2_Channel4_IRQHandler
                0x0000000008003330                TIM3_IRQHandler
                0x0000000008003330                RCC_IRQHandler
                0x0000000008003330                DMA1_Channel1_IRQHandler
                0x0000000008003330                Default_Handler
                0x0000000008003330                EXTI15_10_IRQHandler
                0x0000000008003330                TIM7_IRQHandler
                0x0000000008003330                TIM5_IRQHandler
                0x0000000008003330                EXTI9_5_IRQHandler
                0x0000000008003330                TIM9_IRQHandler
                0x0000000008003330                TAMPER_STAMP_IRQHandler
                0x0000000008003330                RTC_WKUP_IRQHandler
                0x0000000008003330                SPI2_IRQHandler
                0x0000000008003330                DMA2_Channel5_IRQHandler
                0x0000000008003330                DMA1_Channel5_IRQHandler
                0x0000000008003330                USB_LP_IRQHandler
                0x0000000008003330                EXTI4_IRQHandler
                0x0000000008003330                DMA1_Channel3_IRQHandler
                0x0000000008003330                COMP_IRQHandler
                0x0000000008003330                WWDG_IRQHandler
                0x0000000008003330                TIM2_IRQHandler
                0x0000000008003330                DAC_IRQHandler
                0x0000000008003330                EXTI1_IRQHandler
                0x0000000008003330                TIM11_IRQHandler
                0x0000000008003330                USART2_IRQHandler
                0x0000000008003330                I2C2_ER_IRQHandler
                0x0000000008003330                DMA1_Channel2_IRQHandler
                0x0000000008003330                FLASH_IRQHandler
                0x0000000008003330                USART1_IRQHandler
                0x0000000008003330                SPI3_IRQHandler
                0x0000000008003330                I2C1_ER_IRQHandler
                0x0000000008003330                DMA2_Channel3_IRQHandler
 *fill*         0x0000000008003332        0x2 
 .text.__libc_init_array
                0x0000000008003334       0x48 c:/st/stm32cubeide_1.4.0/stm32cubeide/plugins/com.st.stm32cube.ide.mcu.externaltools.gnu-tools-for-stm32.7-2018-q2-update.win32_1.5.0.202011040924/tools/bin/../lib/gcc/arm-none-eabi/7.3.1/../../../../arm-none-eabi/lib/thumb/v7-m\libc_nano.a(lib_a-init.o)
                0x0000000008003334                __libc_init_array
 .text.memset   0x000000000800337c       0x10 c:/st/stm32cubeide_1.4.0/stm32cubeide/plugins/com.st.stm32cube.ide.mcu.externaltools.gnu-tools-for-stm32.7-2018-q2-update.win32_1.5.0.202011040924/tools/bin/../lib/gcc/arm-none-eabi/7.3.1/../../../../arm-none-eabi/lib/thumb/v7-m\libc_nano.a(lib_a-memset.o)
                0x000000000800337c                memset
 *(.glue_7)
 .glue_7        0x000000000800338c        0x0 linker stubs
 *(.glue_7t)
 .glue_7t       0x000000000800338c        0x0 linker stubs
 *(.eh_frame)
 .eh_frame      0x000000000800338c        0x0 c:/st/stm32cubeide_1.4.0/stm32cubeide/plugins/com.st.stm32cube.ide.mcu.externaltools.gnu-tools-for-stm32.7-2018-q2-update.win32_1.5.0.202011040924/tools/bin/../lib/gcc/arm-none-eabi/7.3.1/thumb/v7-m/crtbegin.o
 *(.init)
 .init          0x000000000800338c        0x4 c:/st/stm32cubeide_1.4.0/stm32cubeide/plugins/com.st.stm32cube.ide.mcu.externaltools.gnu-tools-for-stm32.7-2018-q2-update.win32_1.5.0.202011040924/tools/bin/../lib/gcc/arm-none-eabi/7.3.1/thumb/v7-m/crti.o
                0x000000000800338c                _init
 .init          0x0000000008003390        0x8 c:/st/stm32cubeide_1.4.0/stm32cubeide/plugins/com.st.stm32cube.ide.mcu.externaltools.gnu-tools-for-stm32.7-2018-q2-update.win32_1.5.0.202011040924/tools/bin/../lib/gcc/arm-none-eabi/7.3.1/thumb/v7-m/crtn.o
 *(.fini)
 .fini          0x0000000008003398        0x4 c:/st/stm32cubeide_1.4.0/stm32cubeide/plugins/com.st.stm32cube.ide.mcu.externaltools.gnu-tools-for-stm32.7-2018-q2-update.win32_1.5.0.202011040924/tools/bin/../lib/gcc/arm-none-eabi/7.3.1/thumb/v7-m/crti.o
                0x0000000008003398                _fini
 .fini          0x000000000800339c        0x8 c:/st/stm32cubeide_1.4.0/stm32cubeide/plugins/com.st.stm32cube.ide.mcu.externaltools.gnu-tools-for-stm32.7-2018-q2-update.win32_1.5.0.202011040924/tools/bin/../lib/gcc/arm-none-eabi/7.3.1/thumb/v7-m/crtn.o
                0x00000000080033a4                . = ALIGN (0x4)
                0x00000000080033a4                _etext = .

.vfp11_veneer   0x00000000080033a4        0x0
 .vfp11_veneer  0x00000000080033a4        0x0 linker stubs

.v4_bx          0x00000000080033a4        0x0
 .v4_bx         0x00000000080033a4        0x0 linker stubs

.iplt           0x00000000080033a4        0x0
 .iplt          0x00000000080033a4        0x0 c:/st/stm32cubeide_1.4.0/stm32cubeide/plugins/com.st.stm32cube.ide.mcu.externaltools.gnu-tools-for-stm32.7-2018-q2-update.win32_1.5.0.202011040924/tools/bin/../lib/gcc/arm-none-eabi/7.3.1/thumb/v7-m/crtbegin.o

.rodata         0x00000000080033a4       0x24
                0x00000000080033a4                . = ALIGN (0x4)
 *(.rodata)
 *(.rodata*)
 .rodata.PLLMulTable
                0x00000000080033a4        0x9 Src/system_stm32l1xx.o
                0x00000000080033a4                PLLMulTable
 *fill*         0x00000000080033ad        0x3 
 .rodata.AHBPrescTable
                0x00000000080033b0       0x10 Src/system_stm32l1xx.o
                0x00000000080033b0                AHBPrescTable
 .rodata.APBPrescTable
                0x00000000080033c0        0x8 Src/system_stm32l1xx.o
                0x00000000080033c0                APBPrescTable
                0x00000000080033c8                . = ALIGN (0x4)

.rel.dyn        0x00000000080033c8        0x0
 .rel.iplt      0x00000000080033c8        0x0 c:/st/stm32cubeide_1.4.0/stm32cubeide/plugins/com.st.stm32cube.ide.mcu.externaltools.gnu-tools-for-stm32.7-2018-q2-update.win32_1.5.0.202011040924/tools/bin/../lib/gcc/arm-none-eabi/7.3.1/thumb/v7-m/crtbegin.o

.ARM.extab      0x00000000080033c8        0x0
                0x00000000080033c8                . = ALIGN (0x4)
 *(.ARM.extab* .gnu.linkonce.armextab.*)
                0x00000000080033c8                . = ALIGN (0x4)

.ARM            0x00000000080033c8        0x0
                0x00000000080033c8                . = ALIGN (0x4)
                0x00000000080033c8                __exidx_start = .
 *(.ARM.exidx*)
                0x00000000080033c8                __exidx_end = .
                0x00000000080033c8                . = ALIGN (0x4)

.preinit_array  0x00000000080033c8        0x0
                0x00000000080033c8                . = ALIGN (0x4)
                0x00000000080033c8                PROVIDE (__preinit_array_start = .)
 *(.preinit_array*)
                0x00000000080033c8                PROVIDE (__preinit_array_end = .)
                0x00000000080033c8                . = ALIGN (0x4)

.init_array     0x00000000080033c8        0x4
                0x00000000080033c8                . = ALIGN (0x4)
                0x00000000080033c8                PROVIDE (__init_array_start = .)
 *(SORT_BY_NAME(.init_array.*))
 *(.init_array*)
 .init_array    0x00000000080033c8        0x4 c:/st/stm32cubeide_1.4.0/stm32cubeide/plugins/com.st.stm32cube.ide.mcu.externaltools.gnu-tools-for-stm32.7-2018-q2-update.win32_1.5.0.202011040924/tools/bin/../lib/gcc/arm-none-eabi/7.3.1/thumb/v7-m/crtbegin.o
                0x00000000080033cc                PROVIDE (__init_array_end = .)
                0x00000000080033cc                . = ALIGN (0x4)

.fini_array     0x00000000080033cc        0x4
                0x00000000080033cc                . = ALIGN (0x4)
                [!provide]                        PROVIDE (__fini_array_start = .)
 *(SORT_BY_NAME(.fini_array.*))
 *(.fini_array*)
 .fini_array    0x00000000080033cc        0x4 c:/st/stm32cubeide_1.4.0/stm32cubeide/plugins/com.st.stm32cube.ide.mcu.externaltools.gnu-tools-for-stm32.7-2018-q2-update.win32_1.5.0.202011040924/tools/bin/../lib/gcc/arm-none-eabi/7.3.1/thumb/v7-m/crtbegin.o
                [!provide]                        PROVIDE (__fini_array_end = .)
                0x00000000080033d0                . = ALIGN (0x4)
                0x00000000080033d0                _sidata = LOADADDR (.data)

.data           0x0000000020000000        0x4 load address 0x00000000080033d0
                0x0000000020000000                . = ALIGN (0x4)
                0x0000000020000000                _sdata = .
 *(.data)
 *(.data*)
 .data.SystemCoreClock
                0x0000000020000000        0x4 Src/system_stm32l1xx.o
                0x0000000020000000                SystemCoreClock
                0x0000000020000004                . = ALIGN (0x4)
                0x0000000020000004                _edata = .

.igot.plt       0x0000000020000004        0x0 load address 0x00000000080033d4
 .igot.plt      0x0000000020000004        0x0 c:/st/stm32cubeide_1.4.0/stm32cubeide/plugins/com.st.stm32cube.ide.mcu.externaltools.gnu-tools-for-stm32.7-2018-q2-update.win32_1.5.0.202011040924/tools/bin/../lib/gcc/arm-none-eabi/7.3.1/thumb/v7-m/crtbegin.o
                0x0000000020000004                . = ALIGN (0x4)

.bss            0x0000000020000004      0x4c4 load address 0x00000000080033d4
                0x0000000020000004                _sbss = .
                0x0000000020000004                __bss_start__ = _sbss
 *(.bss)
 .bss           0x0000000020000004       0x1c c:/st/stm32cubeide_1.4.0/stm32cubeide/plugins/com.st.stm32cube.ide.mcu.externaltools.gnu-tools-for-stm32.7-2018-q2-update.win32_1.5.0.202011040924/tools/bin/../lib/gcc/arm-none-eabi/7.3.1/thumb/v7-m/crtbegin.o
 *(.bss*)
 *(COMMON)
 COMMON         0x0000000020000020        0x4 Drivers/STM32L1xx_HAL_Driver/Src/stm32l1xx_hal.o
                0x0000000020000020                uwTick
 COMMON         0x0000000020000024      0x4a4 Src/main.o
                0x0000000020000024                hspi2
                0x000000002000007c                huart3
                0x00000000200000bc                hi2c1
                0x0000000020000110                hi2c2
                0x0000000020000164                hspi3
                0x00000000200001bc                huart1
                0x00000000200001fc                hdac
                0x0000000020000210                hspi1
                0x0000000020000268                huart2
                0x00000000200002a8                hpcd_USB_FS
                0x00000000200004c8                . = ALIGN (0x4)
                0x00000000200004c8                _ebss = .
                0x00000000200004c8                __bss_end__ = _ebss

._user_heap_stack
                0x00000000200004c8      0x600 load address 0x00000000080033d4
                0x00000000200004c8                . = ALIGN (0x8)
                [!provide]                        PROVIDE (end = .)
                0x00000000200004c8                PROVIDE (_end = .)
                0x00000000200006c8                . = (. + _Min_Heap_Size)
 *fill*         0x00000000200004c8      0x200 
                0x0000000020000ac8                . = (. + _Min_Stack_Size)
 *fill*         0x00000000200006c8      0x400 
                0x0000000020000ac8                . = ALIGN (0x8)

/DISCARD/
 libc.a(*)
 libm.a(*)
 libgcc.a(*)

.ARM.attributes
                0x0000000000000000       0x29
 *(.ARM.attributes)
 .ARM.attributes
                0x0000000000000000       0x1d c:/st/stm32cubeide_1.4.0/stm32cubeide/plugins/com.st.stm32cube.ide.mcu.externaltools.gnu-tools-for-stm32.7-2018-q2-update.win32_1.5.0.202011040924/tools/bin/../lib/gcc/arm-none-eabi/7.3.1/thumb/v7-m/crti.o
 .ARM.attributes
                0x000000000000001d       0x2d c:/st/stm32cubeide_1.4.0/stm32cubeide/plugins/com.st.stm32cube.ide.mcu.externaltools.gnu-tools-for-stm32.7-2018-q2-update.win32_1.5.0.202011040924/tools/bin/../lib/gcc/arm-none-eabi/7.3.1/thumb/v7-m/crtbegin.o
 .ARM.attributes
                0x000000000000004a       0x33 Drivers/STM32L1xx_HAL_Driver/Src/stm32l1xx_hal.o
 .ARM.attributes
                0x000000000000007d       0x33 Drivers/STM32L1xx_HAL_Driver/Src/stm32l1xx_hal_cortex.o
 .ARM.attributes
                0x00000000000000b0       0x33 Drivers/STM32L1xx_HAL_Driver/Src/stm32l1xx_hal_dac.o
 .ARM.attributes
                0x00000000000000e3       0x33 Drivers/STM32L1xx_HAL_Driver/Src/stm32l1xx_hal_gpio.o
 .ARM.attributes
                0x0000000000000116       0x33 Drivers/STM32L1xx_HAL_Driver/Src/stm32l1xx_hal_i2c.o
 .ARM.attributes
                0x0000000000000149       0x33 Drivers/STM32L1xx_HAL_Driver/Src/stm32l1xx_hal_pcd.o
 .ARM.attributes
                0x000000000000017c       0x33 Drivers/STM32L1xx_HAL_Driver/Src/stm32l1xx_hal_rcc.o
 .ARM.attributes
                0x00000000000001af       0x33 Drivers/STM32L1xx_HAL_Driver/Src/stm32l1xx_hal_spi_ex.o
 .ARM.attributes
                0x00000000000001e2       0x33 Drivers/STM32L1xx_HAL_Driver/Src/stm32l1xx_hal_uart.o
 .ARM.attributes
                0x0000000000000215       0x33 Src/main.o
 .ARM.attributes
                0x0000000000000248       0x33 Src/stm32l1xx_hal_msp.o
 .ARM.attributes
                0x000000000000027b       0x33 Src/stm32l1xx_it.o
 .ARM.attributes
                0x00000000000002ae       0x33 Src/system_stm32l1xx.o
 .ARM.attributes
                0x00000000000002e1       0x21 Startup/startup_stm32l152vctx.o
 .ARM.attributes
                0x0000000000000302       0x2d c:/st/stm32cubeide_1.4.0/stm32cubeide/plugins/com.st.stm32cube.ide.mcu.externaltools.gnu-tools-for-stm32.7-2018-q2-update.win32_1.5.0.202011040924/tools/bin/../lib/gcc/arm-none-eabi/7.3.1/../../../../arm-none-eabi/lib/thumb/v7-m\libc_nano.a(lib_a-init.o)
 .ARM.attributes
                0x000000000000032f       0x2d c:/st/stm32cubeide_1.4.0/stm32cubeide/plugins/com.st.stm32cube.ide.mcu.externaltools.gnu-tools-for-stm32.7-2018-q2-update.win32_1.5.0.202011040924/tools/bin/../lib/gcc/arm-none-eabi/7.3.1/../../../../arm-none-eabi/lib/thumb/v7-m\libc_nano.a(lib_a-memset.o)
 .ARM.attributes
                0x000000000000035c       0x1d c:/st/stm32cubeide_1.4.0/stm32cubeide/plugins/com.st.stm32cube.ide.mcu.externaltools.gnu-tools-for-stm32.7-2018-q2-update.win32_1.5.0.202011040924/tools/bin/../lib/gcc/arm-none-eabi/7.3.1/thumb/v7-m/crtn.o
OUTPUT(HypoDetectDevice.elf elf32-littlearm)

.debug_info     0x0000000000000000    0x11749
 .debug_info    0x0000000000000000      0xe1b Drivers/STM32L1xx_HAL_Driver/Src/stm32l1xx_hal.o
 .debug_info    0x0000000000000e1b     0x1562 Drivers/STM32L1xx_HAL_Driver/Src/stm32l1xx_hal_cortex.o
 .debug_info    0x000000000000237d     0x1198 Drivers/STM32L1xx_HAL_Driver/Src/stm32l1xx_hal_dac.o
 .debug_info    0x0000000000003515      0xe8c Drivers/STM32L1xx_HAL_Driver/Src/stm32l1xx_hal_gpio.o
 .debug_info    0x00000000000043a1     0x2683 Drivers/STM32L1xx_HAL_Driver/Src/stm32l1xx_hal_i2c.o
 .debug_info    0x0000000000006a24     0x19a0 Drivers/STM32L1xx_HAL_Driver/Src/stm32l1xx_hal_pcd.o
 .debug_info    0x00000000000083c4     0x1dae Drivers/STM32L1xx_HAL_Driver/Src/stm32l1xx_hal_rcc.o
 .debug_info    0x000000000000a172      0xe31 Drivers/STM32L1xx_HAL_Driver/Src/stm32l1xx_hal_spi_ex.o
 .debug_info    0x000000000000afa3     0x16ba Drivers/STM32L1xx_HAL_Driver/Src/stm32l1xx_hal_uart.o
 .debug_info    0x000000000000c65d     0x1d58 Src/main.o
 .debug_info    0x000000000000e3b5     0x1d2c Src/stm32l1xx_hal_msp.o
 .debug_info    0x00000000000100e1      0x9e5 Src/stm32l1xx_it.o
 .debug_info    0x0000000000010ac6      0xc61 Src/system_stm32l1xx.o
 .debug_info    0x0000000000011727       0x22 Startup/startup_stm32l152vctx.o

.debug_abbrev   0x0000000000000000     0x1fa7
 .debug_abbrev  0x0000000000000000      0x26b Drivers/STM32L1xx_HAL_Driver/Src/stm32l1xx_hal.o
 .debug_abbrev  0x000000000000026b      0x342 Drivers/STM32L1xx_HAL_Driver/Src/stm32l1xx_hal_cortex.o
 .debug_abbrev  0x00000000000005ad      0x255 Drivers/STM32L1xx_HAL_Driver/Src/stm32l1xx_hal_dac.o
 .debug_abbrev  0x0000000000000802      0x251 Drivers/STM32L1xx_HAL_Driver/Src/stm32l1xx_hal_gpio.o
 .debug_abbrev  0x0000000000000a53      0x2a6 Drivers/STM32L1xx_HAL_Driver/Src/stm32l1xx_hal_i2c.o
 .debug_abbrev  0x0000000000000cf9      0x302 Drivers/STM32L1xx_HAL_Driver/Src/stm32l1xx_hal_pcd.o
 .debug_abbrev  0x0000000000000ffb      0x301 Drivers/STM32L1xx_HAL_Driver/Src/stm32l1xx_hal_rcc.o
 .debug_abbrev  0x00000000000012fc      0x1b5 Drivers/STM32L1xx_HAL_Driver/Src/stm32l1xx_hal_spi_ex.o
 .debug_abbrev  0x00000000000014b1      0x2b5 Drivers/STM32L1xx_HAL_Driver/Src/stm32l1xx_hal_uart.o
 .debug_abbrev  0x0000000000001766      0x282 Src/main.o
 .debug_abbrev  0x00000000000019e8      0x24d Src/stm32l1xx_hal_msp.o
 .debug_abbrev  0x0000000000001c35      0x193 Src/stm32l1xx_it.o
 .debug_abbrev  0x0000000000001dc8      0x1cd Src/system_stm32l1xx.o
 .debug_abbrev  0x0000000000001f95       0x12 Startup/startup_stm32l152vctx.o

.debug_aranges  0x0000000000000000      0xa28
 .debug_aranges
                0x0000000000000000       0xb0 Drivers/STM32L1xx_HAL_Driver/Src/stm32l1xx_hal.o
 .debug_aranges
                0x00000000000000b0      0x118 Drivers/STM32L1xx_HAL_Driver/Src/stm32l1xx_hal_cortex.o
 .debug_aranges
                0x00000000000001c8       0xc0 Drivers/STM32L1xx_HAL_Driver/Src/stm32l1xx_hal_dac.o
 .debug_aranges
                0x0000000000000288       0x58 Drivers/STM32L1xx_HAL_Driver/Src/stm32l1xx_hal_gpio.o
 .debug_aranges
                0x00000000000002e0      0x268 Drivers/STM32L1xx_HAL_Driver/Src/stm32l1xx_hal_i2c.o
 .debug_aranges
                0x0000000000000548      0x138 Drivers/STM32L1xx_HAL_Driver/Src/stm32l1xx_hal_pcd.o
 .debug_aranges
                0x0000000000000680       0x90 Drivers/STM32L1xx_HAL_Driver/Src/stm32l1xx_hal_rcc.o
 .debug_aranges
                0x0000000000000710       0x20 Drivers/STM32L1xx_HAL_Driver/Src/stm32l1xx_hal_spi_ex.o
 .debug_aranges
                0x0000000000000730      0x150 Drivers/STM32L1xx_HAL_Driver/Src/stm32l1xx_hal_uart.o
 .debug_aranges
                0x0000000000000880       0x88 Src/main.o
 .debug_aranges
                0x0000000000000908       0x70 Src/stm32l1xx_hal_msp.o
 .debug_aranges
                0x0000000000000978       0x60 Src/stm32l1xx_it.o
 .debug_aranges
                0x00000000000009d8       0x28 Src/system_stm32l1xx.o
 .debug_aranges
                0x0000000000000a00       0x28 Startup/startup_stm32l152vctx.o

.debug_ranges   0x0000000000000000      0x950
 .debug_ranges  0x0000000000000000       0xa0 Drivers/STM32L1xx_HAL_Driver/Src/stm32l1xx_hal.o
 .debug_ranges  0x00000000000000a0      0x108 Drivers/STM32L1xx_HAL_Driver/Src/stm32l1xx_hal_cortex.o
 .debug_ranges  0x00000000000001a8       0xb0 Drivers/STM32L1xx_HAL_Driver/Src/stm32l1xx_hal_dac.o
 .debug_ranges  0x0000000000000258       0x48 Drivers/STM32L1xx_HAL_Driver/Src/stm32l1xx_hal_gpio.o
 .debug_ranges  0x00000000000002a0      0x258 Drivers/STM32L1xx_HAL_Driver/Src/stm32l1xx_hal_i2c.o
 .debug_ranges  0x00000000000004f8      0x128 Drivers/STM32L1xx_HAL_Driver/Src/stm32l1xx_hal_pcd.o
 .debug_ranges  0x0000000000000620       0x80 Drivers/STM32L1xx_HAL_Driver/Src/stm32l1xx_hal_rcc.o
 .debug_ranges  0x00000000000006a0       0x10 Drivers/STM32L1xx_HAL_Driver/Src/stm32l1xx_hal_spi_ex.o
 .debug_ranges  0x00000000000006b0      0x140 Drivers/STM32L1xx_HAL_Driver/Src/stm32l1xx_hal_uart.o
 .debug_ranges  0x00000000000007f0       0x78 Src/main.o
 .debug_ranges  0x0000000000000868       0x60 Src/stm32l1xx_hal_msp.o
 .debug_ranges  0x00000000000008c8       0x50 Src/stm32l1xx_it.o
 .debug_ranges  0x0000000000000918       0x18 Src/system_stm32l1xx.o
 .debug_ranges  0x0000000000000930       0x20 Startup/startup_stm32l152vctx.o

.debug_macro    0x0000000000000000    0x17374
 .debug_macro   0x0000000000000000      0x346 Drivers/STM32L1xx_HAL_Driver/Src/stm32l1xx_hal.o
 .debug_macro   0x0000000000000346      0xa5a Drivers/STM32L1xx_HAL_Driver/Src/stm32l1xx_hal.o
 .debug_macro   0x0000000000000da0       0xa0 Drivers/STM32L1xx_HAL_Driver/Src/stm32l1xx_hal.o
 .debug_macro   0x0000000000000e40       0x2e Drivers/STM32L1xx_HAL_Driver/Src/stm32l1xx_hal.o
 .debug_macro   0x0000000000000e6e       0x22 Drivers/STM32L1xx_HAL_Driver/Src/stm32l1xx_hal.o
 .debug_macro   0x0000000000000e90       0x22 Drivers/STM32L1xx_HAL_Driver/Src/stm32l1xx_hal.o
 .debug_macro   0x0000000000000eb2       0x8e Drivers/STM32L1xx_HAL_Driver/Src/stm32l1xx_hal.o
 .debug_macro   0x0000000000000f40       0x51 Drivers/STM32L1xx_HAL_Driver/Src/stm32l1xx_hal.o
 .debug_macro   0x0000000000000f91       0xef Drivers/STM32L1xx_HAL_Driver/Src/stm32l1xx_hal.o
 .debug_macro   0x0000000000001080       0x6a Drivers/STM32L1xx_HAL_Driver/Src/stm32l1xx_hal.o
 .debug_macro   0x00000000000010ea      0x1df Drivers/STM32L1xx_HAL_Driver/Src/stm32l1xx_hal.o
 .debug_macro   0x00000000000012c9       0x34 Drivers/STM32L1xx_HAL_Driver/Src/stm32l1xx_hal.o
 .debug_macro   0x00000000000012fd       0x34 Drivers/STM32L1xx_HAL_Driver/Src/stm32l1xx_hal.o
 .debug_macro   0x0000000000001331      0xcb4 Drivers/STM32L1xx_HAL_Driver/Src/stm32l1xx_hal.o
 .debug_macro   0x0000000000001fe5     0xbb91 Drivers/STM32L1xx_HAL_Driver/Src/stm32l1xx_hal.o
 .debug_macro   0x000000000000db76       0x43 Drivers/STM32L1xx_HAL_Driver/Src/stm32l1xx_hal.o
 .debug_macro   0x000000000000dbb9     0x342b Drivers/STM32L1xx_HAL_Driver/Src/stm32l1xx_hal.o
 .debug_macro   0x0000000000010fe4       0x46 Drivers/STM32L1xx_HAL_Driver/Src/stm32l1xx_hal.o
 .debug_macro   0x000000000001102a       0x18 Drivers/STM32L1xx_HAL_Driver/Src/stm32l1xx_hal.o
 .debug_macro   0x0000000000011042       0x3c Drivers/STM32L1xx_HAL_Driver/Src/stm32l1xx_hal.o
 .debug_macro   0x000000000001107e       0x34 Drivers/STM32L1xx_HAL_Driver/Src/stm32l1xx_hal.o
 .debug_macro   0x00000000000110b2       0x16 Drivers/STM32L1xx_HAL_Driver/Src/stm32l1xx_hal.o
 .debug_macro   0x00000000000110c8       0x97 Drivers/STM32L1xx_HAL_Driver/Src/stm32l1xx_hal.o
 .debug_macro   0x000000000001115f      0x330 Drivers/STM32L1xx_HAL_Driver/Src/stm32l1xx_hal.o
 .debug_macro   0x000000000001148f       0xfd Drivers/STM32L1xx_HAL_Driver/Src/stm32l1xx_hal.o
 .debug_macro   0x000000000001158c       0x10 Drivers/STM32L1xx_HAL_Driver/Src/stm32l1xx_hal.o
 .debug_macro   0x000000000001159c       0x52 Drivers/STM32L1xx_HAL_Driver/Src/stm32l1xx_hal.o
 .debug_macro   0x00000000000115ee       0x1f Drivers/STM32L1xx_HAL_Driver/Src/stm32l1xx_hal.o
 .debug_macro   0x000000000001160d       0x43 Drivers/STM32L1xx_HAL_Driver/Src/stm32l1xx_hal.o
 .debug_macro   0x0000000000011650       0x20 Drivers/STM32L1xx_HAL_Driver/Src/stm32l1xx_hal.o
 .debug_macro   0x0000000000011670      0x1a3 Drivers/STM32L1xx_HAL_Driver/Src/stm32l1xx_hal.o
 .debug_macro   0x0000000000011813       0x10 Drivers/STM32L1xx_HAL_Driver/Src/stm32l1xx_hal.o
 .debug_macro   0x0000000000011823       0x1c Drivers/STM32L1xx_HAL_Driver/Src/stm32l1xx_hal.o
 .debug_macro   0x000000000001183f       0x52 Drivers/STM32L1xx_HAL_Driver/Src/stm32l1xx_hal.o
 .debug_macro   0x0000000000011891       0x40 Drivers/STM32L1xx_HAL_Driver/Src/stm32l1xx_hal.o
 .debug_macro   0x00000000000118d1       0x10 Drivers/STM32L1xx_HAL_Driver/Src/stm32l1xx_hal.o
 .debug_macro   0x00000000000118e1       0x40 Drivers/STM32L1xx_HAL_Driver/Src/stm32l1xx_hal.o
 .debug_macro   0x0000000000011921       0xd7 Drivers/STM32L1xx_HAL_Driver/Src/stm32l1xx_hal.o
 .debug_macro   0x00000000000119f8       0x1c Drivers/STM32L1xx_HAL_Driver/Src/stm32l1xx_hal.o
 .debug_macro   0x0000000000011a14       0x3d Drivers/STM32L1xx_HAL_Driver/Src/stm32l1xx_hal.o
 .debug_macro   0x0000000000011a51       0x16 Drivers/STM32L1xx_HAL_Driver/Src/stm32l1xx_hal.o
 .debug_macro   0x0000000000011a67      0x145 Drivers/STM32L1xx_HAL_Driver/Src/stm32l1xx_hal.o
 .debug_macro   0x0000000000011bac       0x56 Drivers/STM32L1xx_HAL_Driver/Src/stm32l1xx_hal.o
 .debug_macro   0x0000000000011c02      0xe3e Drivers/STM32L1xx_HAL_Driver/Src/stm32l1xx_hal.o
 .debug_macro   0x0000000000012a40      0x24b Drivers/STM32L1xx_HAL_Driver/Src/stm32l1xx_hal.o
 .debug_macro   0x0000000000012c8b      0x141 Drivers/STM32L1xx_HAL_Driver/Src/stm32l1xx_hal.o
 .debug_macro   0x0000000000012dcc       0xba Drivers/STM32L1xx_HAL_Driver/Src/stm32l1xx_hal.o
 .debug_macro   0x0000000000012e86      0x25d Drivers/STM32L1xx_HAL_Driver/Src/stm32l1xx_hal.o
 .debug_macro   0x00000000000130e3      0x23a Drivers/STM32L1xx_HAL_Driver/Src/stm32l1xx_hal.o
 .debug_macro   0x000000000001331d      0x117 Drivers/STM32L1xx_HAL_Driver/Src/stm32l1xx_hal.o
 .debug_macro   0x0000000000013434       0xac Drivers/STM32L1xx_HAL_Driver/Src/stm32l1xx_hal.o
 .debug_macro   0x00000000000134e0      0x11a Drivers/STM32L1xx_HAL_Driver/Src/stm32l1xx_hal.o
 .debug_macro   0x00000000000135fa      0x573 Drivers/STM32L1xx_HAL_Driver/Src/stm32l1xx_hal.o
 .debug_macro   0x0000000000013b6d      0x225 Drivers/STM32L1xx_HAL_Driver/Src/stm32l1xx_hal.o
 .debug_macro   0x0000000000013d92      0x1ed Drivers/STM32L1xx_HAL_Driver/Src/stm32l1xx_hal.o
 .debug_macro   0x0000000000013f7f       0x22 Drivers/STM32L1xx_HAL_Driver/Src/stm32l1xx_hal.o
 .debug_macro   0x0000000000013fa1      0x1ed Drivers/STM32L1xx_HAL_Driver/Src/stm32l1xx_hal.o
 .debug_macro   0x000000000001418e       0x1c Drivers/STM32L1xx_HAL_Driver/Src/stm32l1xx_hal.o
 .debug_macro   0x00000000000141aa      0x287 Drivers/STM32L1xx_HAL_Driver/Src/stm32l1xx_hal.o
 .debug_macro   0x0000000000014431      0x281 Drivers/STM32L1xx_HAL_Driver/Src/stm32l1xx_hal.o
 .debug_macro   0x00000000000146b2      0x3dd Drivers/STM32L1xx_HAL_Driver/Src/stm32l1xx_hal.o
 .debug_macro   0x0000000000014a8f      0x322 Drivers/STM32L1xx_HAL_Driver/Src/stm32l1xx_hal_cortex.o
 .debug_macro   0x0000000000014db1      0x323 Drivers/STM32L1xx_HAL_Driver/Src/stm32l1xx_hal_dac.o
 .debug_macro   0x00000000000150d4      0x35b Drivers/STM32L1xx_HAL_Driver/Src/stm32l1xx_hal_gpio.o
 .debug_macro   0x000000000001542f      0x370 Drivers/STM32L1xx_HAL_Driver/Src/stm32l1xx_hal_i2c.o
 .debug_macro   0x000000000001579f      0x328 Drivers/STM32L1xx_HAL_Driver/Src/stm32l1xx_hal_pcd.o
 .debug_macro   0x0000000000015ac7      0x35e Drivers/STM32L1xx_HAL_Driver/Src/stm32l1xx_hal_rcc.o
 .debug_macro   0x0000000000015e25      0x322 Drivers/STM32L1xx_HAL_Driver/Src/stm32l1xx_hal_spi_ex.o
 .debug_macro   0x0000000000016147      0x323 Drivers/STM32L1xx_HAL_Driver/Src/stm32l1xx_hal_uart.o
 .debug_macro   0x000000000001646a      0x331 Src/main.o
 .debug_macro   0x000000000001679b      0x245 Src/main.o
 .debug_macro   0x00000000000169e0      0x331 Src/stm32l1xx_hal_msp.o
 .debug_macro   0x0000000000016d11      0x33b Src/stm32l1xx_it.o
 .debug_macro   0x000000000001704c      0x328 Src/system_stm32l1xx.o

.debug_line     0x0000000000000000     0xa3bf
 .debug_line    0x0000000000000000      0xa25 Drivers/STM32L1xx_HAL_Driver/Src/stm32l1xx_hal.o
 .debug_line    0x0000000000000a25      0xbde Drivers/STM32L1xx_HAL_Driver/Src/stm32l1xx_hal_cortex.o
 .debug_line    0x0000000000001603      0xaf9 Drivers/STM32L1xx_HAL_Driver/Src/stm32l1xx_hal_dac.o
 .debug_line    0x00000000000020fc      0xa54 Drivers/STM32L1xx_HAL_Driver/Src/stm32l1xx_hal_gpio.o
 .debug_line    0x0000000000002b50     0x18ab Drivers/STM32L1xx_HAL_Driver/Src/stm32l1xx_hal_i2c.o
 .debug_line    0x00000000000043fb      0xf92 Drivers/STM32L1xx_HAL_Driver/Src/stm32l1xx_hal_pcd.o
 .debug_line    0x000000000000538d     0x10c7 Drivers/STM32L1xx_HAL_Driver/Src/stm32l1xx_hal_rcc.o
 .debug_line    0x0000000000006454      0x8ed Drivers/STM32L1xx_HAL_Driver/Src/stm32l1xx_hal_spi_ex.o
 .debug_line    0x0000000000006d41      0xf2f Drivers/STM32L1xx_HAL_Driver/Src/stm32l1xx_hal_uart.o
 .debug_line    0x0000000000007c70      0xa67 Src/main.o
 .debug_line    0x00000000000086d7      0xa1e Src/stm32l1xx_hal_msp.o
 .debug_line    0x00000000000090f5      0x964 Src/stm32l1xx_it.o
 .debug_line    0x0000000000009a59      0x8e7 Src/system_stm32l1xx.o
 .debug_line    0x000000000000a340       0x7f Startup/startup_stm32l152vctx.o

.debug_str      0x0000000000000000    0x8a585
 .debug_str     0x0000000000000000    0x86ed3 Drivers/STM32L1xx_HAL_Driver/Src/stm32l1xx_hal.o
                                      0x8727e (size before relaxing)
 .debug_str     0x0000000000086ed3      0x425 Drivers/STM32L1xx_HAL_Driver/Src/stm32l1xx_hal_cortex.o
                                      0x8740e (size before relaxing)
 .debug_str     0x00000000000872f8      0x4ce Drivers/STM32L1xx_HAL_Driver/Src/stm32l1xx_hal_dac.o
                                      0x870ae (size before relaxing)
 .debug_str     0x00000000000877c6      0x28d Drivers/STM32L1xx_HAL_Driver/Src/stm32l1xx_hal_gpio.o
                                      0x86ea7 (size before relaxing)
 .debug_str     0x0000000000087a53      0xc9c Drivers/STM32L1xx_HAL_Driver/Src/stm32l1xx_hal_i2c.o
                                      0x87a8a (size before relaxing)
 .debug_str     0x00000000000886ef      0x60e Drivers/STM32L1xx_HAL_Driver/Src/stm32l1xx_hal_pcd.o
                                      0x87271 (size before relaxing)
 .debug_str     0x0000000000088cfd      0x53c Drivers/STM32L1xx_HAL_Driver/Src/stm32l1xx_hal_rcc.o
                                      0x871f7 (size before relaxing)
 .debug_str     0x0000000000089239      0x1f5 Drivers/STM32L1xx_HAL_Driver/Src/stm32l1xx_hal_spi_ex.o
                                      0x86f81 (size before relaxing)
 .debug_str     0x000000000008942e      0x4c6 Drivers/STM32L1xx_HAL_Driver/Src/stm32l1xx_hal_uart.o
                                      0x872f3 (size before relaxing)
 .debug_str     0x00000000000898f4      0xaf9 Src/main.o
                                      0x883ab (size before relaxing)
 .debug_str     0x000000000008a3ed       0x3d Src/stm32l1xx_hal_msp.o
                                      0x881ae (size before relaxing)
 .debug_str     0x000000000008a42a       0xb8 Src/stm32l1xx_it.o
                                      0x875d1 (size before relaxing)
 .debug_str     0x000000000008a4e2       0x72 Src/system_stm32l1xx.o
                                      0x86c7e (size before relaxing)
 .debug_str     0x000000000008a554       0x31 Startup/startup_stm32l152vctx.o
                                         0x6f (size before relaxing)

.comment        0x0000000000000000       0x7b
 .comment       0x0000000000000000       0x7b Drivers/STM32L1xx_HAL_Driver/Src/stm32l1xx_hal.o
                                         0x7c (size before relaxing)
 .comment       0x000000000000007b       0x7c Drivers/STM32L1xx_HAL_Driver/Src/stm32l1xx_hal_cortex.o
 .comment       0x000000000000007b       0x7c Drivers/STM32L1xx_HAL_Driver/Src/stm32l1xx_hal_dac.o
 .comment       0x000000000000007b       0x7c Drivers/STM32L1xx_HAL_Driver/Src/stm32l1xx_hal_gpio.o
 .comment       0x000000000000007b       0x7c Drivers/STM32L1xx_HAL_Driver/Src/stm32l1xx_hal_i2c.o
 .comment       0x000000000000007b       0x7c Drivers/STM32L1xx_HAL_Driver/Src/stm32l1xx_hal_pcd.o
 .comment       0x000000000000007b       0x7c Drivers/STM32L1xx_HAL_Driver/Src/stm32l1xx_hal_rcc.o
 .comment       0x000000000000007b       0x7c Drivers/STM32L1xx_HAL_Driver/Src/stm32l1xx_hal_spi_ex.o
 .comment       0x000000000000007b       0x7c Drivers/STM32L1xx_HAL_Driver/Src/stm32l1xx_hal_uart.o
 .comment       0x000000000000007b       0x7c Src/main.o
 .comment       0x000000000000007b       0x7c Src/stm32l1xx_hal_msp.o
 .comment       0x000000000000007b       0x7c Src/stm32l1xx_it.o
 .comment       0x000000000000007b       0x7c Src/system_stm32l1xx.o

.debug_frame    0x0000000000000000     0x29cc
 .debug_frame   0x0000000000000000      0x270 Drivers/STM32L1xx_HAL_Driver/Src/stm32l1xx_hal.o
 .debug_frame   0x0000000000000270      0x498 Drivers/STM32L1xx_HAL_Driver/Src/stm32l1xx_hal_cortex.o
 .debug_frame   0x0000000000000708      0x338 Drivers/STM32L1xx_HAL_Driver/Src/stm32l1xx_hal_dac.o
 .debug_frame   0x0000000000000a40      0x14c Drivers/STM32L1xx_HAL_Driver/Src/stm32l1xx_hal_gpio.o
 .debug_frame   0x0000000000000b8c      0xb34 Drivers/STM32L1xx_HAL_Driver/Src/stm32l1xx_hal_i2c.o
 .debug_frame   0x00000000000016c0      0x5ac Drivers/STM32L1xx_HAL_Driver/Src/stm32l1xx_hal_pcd.o
 .debug_frame   0x0000000000001c6c      0x240 Drivers/STM32L1xx_HAL_Driver/Src/stm32l1xx_hal_rcc.o
 .debug_frame   0x0000000000001eac       0x34 Drivers/STM32L1xx_HAL_Driver/Src/stm32l1xx_hal_spi_ex.o
 .debug_frame   0x0000000000001ee0      0x5e0 Drivers/STM32L1xx_HAL_Driver/Src/stm32l1xx_hal_uart.o
 .debug_frame   0x00000000000024c0      0x1b4 Src/main.o
 .debug_frame   0x0000000000002674      0x1a8 Src/stm32l1xx_hal_msp.o
 .debug_frame   0x000000000000281c      0x10c Src/stm32l1xx_it.o
 .debug_frame   0x0000000000002928       0x58 Src/system_stm32l1xx.o
 .debug_frame   0x0000000000002980       0x2c c:/st/stm32cubeide_1.4.0/stm32cubeide/plugins/com.st.stm32cube.ide.mcu.externaltools.gnu-tools-for-stm32.7-2018-q2-update.win32_1.5.0.202011040924/tools/bin/../lib/gcc/arm-none-eabi/7.3.1/../../../../arm-none-eabi/lib/thumb/v7-m\libc_nano.a(lib_a-init.o)
 .debug_frame   0x00000000000029ac       0x20 c:/st/stm32cubeide_1.4.0/stm32cubeide/plugins/com.st.stm32cube.ide.mcu.externaltools.gnu-tools-for-stm32.7-2018-q2-update.win32_1.5.0.202011040924/tools/bin/../lib/gcc/arm-none-eabi/7.3.1/../../../../arm-none-eabi/lib/thumb/v7-m\libc_nano.a(lib_a-memset.o)
