stm32l1xx_hal_uart.c:248:19:HAL_UART_Init	16	static
stm32l1xx_hal_uart.c:310:19:HAL_HalfDuplex_Init	16	static
stm32l1xx_hal_uart.c:370:19:HAL_LIN_Init	16	static
stm32l1xx_hal_uart.c:436:19:HAL_MultiProcessor_Init	24	static
stm32l1xx_hal_uart.c:498:19:HAL_UART_DeInit	16	static
stm32l1xx_hal_uart.c:536:14:HAL_UART_MspInit	16	static
stm32l1xx_hal_uart.c:552:14:HAL_UART_MspDeInit	16	static
stm32l1xx_hal_uart.c:632:19:HAL_UART_Transmit	32	static
stm32l1xx_hal_uart.c:726:19:HAL_UART_Receive	32	static
stm32l1xx_hal_uart.c:825:19:HAL_UART_Transmit_IT	32	static
stm32l1xx_hal_uart.c:877:19:HAL_UART_Receive_IT	32	static
stm32l1xx_hal_uart.c:935:19:HAL_UART_Transmit_DMA	32	static
stm32l1xx_hal_uart.c:1007:19:HAL_UART_Receive_DMA	32	static
stm32l1xx_hal_uart.c:1071:19:HAL_UART_DMAPause	16	static
stm32l1xx_hal_uart.c:1111:19:HAL_UART_DMAResume	24	static
stm32l1xx_hal_uart.c:1155:19:HAL_UART_DMAStop	16	static
stm32l1xx_hal_uart.c:1188:6:HAL_UART_IRQHandler	32	static
stm32l1xx_hal_uart.c:1264:14:HAL_UART_TxCpltCallback	16	static
stm32l1xx_hal_uart.c:1280:14:HAL_UART_TxHalfCpltCallback	16	static
stm32l1xx_hal_uart.c:1296:13:HAL_UART_RxCpltCallback	16	static
stm32l1xx_hal_uart.c:1312:13:HAL_UART_RxHalfCpltCallback	16	static
stm32l1xx_hal_uart.c:1328:14:HAL_UART_ErrorCallback	16	static
stm32l1xx_hal_uart.c:1367:19:HAL_LIN_SendBreak	16	static
stm32l1xx_hal_uart.c:1394:19:HAL_MultiProcessor_EnterMuteMode	16	static
stm32l1xx_hal_uart.c:1421:19:HAL_MultiProcessor_ExitMuteMode	16	static
stm32l1xx_hal_uart.c:1448:19:HAL_HalfDuplex_EnableTransmitter	16	static
stm32l1xx_hal_uart.c:1474:19:HAL_HalfDuplex_EnableReceiver	16	static
stm32l1xx_hal_uart.c:1522:23:HAL_UART_GetState	16	static
stm32l1xx_hal_uart.c:1533:10:HAL_UART_GetError	16	static
stm32l1xx_hal_uart.c:1556:13:UART_DMATransmitCplt	24	static
stm32l1xx_hal_uart.c:1584:13:UART_DMATxHalfCplt	24	static
stm32l1xx_hal_uart.c:1597:13:UART_DMAReceiveCplt	24	static
stm32l1xx_hal_uart.c:1628:13:UART_DMARxHalfCplt	24	static
stm32l1xx_hal_uart.c:1641:13:UART_DMAError	24	static
stm32l1xx_hal_uart.c:1660:26:UART_WaitOnFlagUntilTimeout	32	static
stm32l1xx_hal_uart.c:1727:26:UART_Transmit_IT	24	static
stm32l1xx_hal_uart.c:1776:26:UART_EndTransmit_IT	16	static
stm32l1xx_hal_uart.c:1802:26:UART_Receive_IT	24	static
stm32l1xx_hal_uart.c:1873:13:UART_SetConfig	32	static
