stm32l1xx_hal_dac.c:259:19:HAL_DAC_Init	16	static
stm32l1xx_hal_dac.c:297:19:HAL_DAC_DeInit	16	static
stm32l1xx_hal_dac.c:333:13:HAL_DAC_MspInit	16	static
stm32l1xx_hal_dac.c:349:13:HAL_DAC_MspDeInit	16	static
stm32l1xx_hal_dac.c:391:19:HAL_DAC_Start	16	static
stm32l1xx_hal_dac.c:444:19:HAL_DAC_Stop	16	static
stm32l1xx_hal_dac.c:476:19:HAL_DAC_Start_DMA	32	static
stm32l1xx_hal_dac.c:595:19:HAL_DAC_Stop_DMA	24	static
stm32l1xx_hal_dac.c:645:10:HAL_DAC_GetValue	16	static
stm32l1xx_hal_dac.c:667:6:HAL_DAC_IRQHandler	16	static
stm32l1xx_hal_dac.c:714:13:HAL_DAC_ConvCpltCallbackCh1	16	static
stm32l1xx_hal_dac.c:730:13:HAL_DAC_ConvHalfCpltCallbackCh1	16	static
stm32l1xx_hal_dac.c:746:13:HAL_DAC_ErrorCallbackCh1	16	static
stm32l1xx_hal_dac.c:762:13:HAL_DAC_DMAUnderrunCallbackCh1	16	static
stm32l1xx_hal_dac.c:802:19:HAL_DAC_ConfigChannel	32	static
stm32l1xx_hal_dac.c:857:19:HAL_DAC_SetValue	32	static
stm32l1xx_hal_dac.c:909:22:HAL_DAC_GetState	16	static
stm32l1xx_hal_dac.c:922:10:HAL_DAC_GetError	16	static
stm32l1xx_hal_dac.c:945:13:DAC_DMAConvCpltCh1	24	static
stm32l1xx_hal_dac.c:960:13:DAC_DMAHalfConvCpltCh1	24	static
stm32l1xx_hal_dac.c:973:13:DAC_DMAErrorCh1	24	static
