stm32l1xx_hal_dac.c:291:19:HAL_DAC_Init	16	static
stm32l1xx_hal_dac.c:352:19:HAL_DAC_DeInit	16	static
stm32l1xx_hal_dac.c:397:13:HAL_DAC_MspInit	16	static
stm32l1xx_hal_dac.c:413:13:HAL_DAC_MspDeInit	16	static
stm32l1xx_hal_dac.c:455:19:HAL_DAC_Start	16	static
stm32l1xx_hal_dac.c:508:19:HAL_DAC_Stop	16	static
stm32l1xx_hal_dac.c:540:19:HAL_DAC_Start_DMA	32	static
stm32l1xx_hal_dac.c:668:19:HAL_DAC_Stop_DMA	24	static
stm32l1xx_hal_dac.c:725:6:HAL_DAC_IRQHandler	16	static
stm32l1xx_hal_dac.c:796:19:HAL_DAC_SetValue	32	static
stm32l1xx_hal_dac.c:828:13:HAL_DAC_ConvCpltCallbackCh1	16	static
stm32l1xx_hal_dac.c:844:13:HAL_DAC_ConvHalfCpltCallbackCh1	16	static
stm32l1xx_hal_dac.c:860:13:HAL_DAC_ErrorCallbackCh1	16	static
stm32l1xx_hal_dac.c:876:13:HAL_DAC_DMAUnderrunCallbackCh1	16	static
stm32l1xx_hal_dac.c:915:10:HAL_DAC_GetValue	16	static
stm32l1xx_hal_dac.c:942:19:HAL_DAC_ConfigChannel	32	static
stm32l1xx_hal_dac.c:1011:22:HAL_DAC_GetState	16	static
stm32l1xx_hal_dac.c:1024:10:HAL_DAC_GetError	16	static
stm32l1xx_hal_dac.c:1284:6:DAC_DMAConvCpltCh1	24	static
stm32l1xx_hal_dac.c:1303:6:DAC_DMAHalfConvCpltCh1	24	static
stm32l1xx_hal_dac.c:1320:6:DAC_DMAErrorCh1	24	static
