core_cm3.h:1422:22:NVIC_SetPriorityGrouping	24	static
core_cm3.h:1441:26:NVIC_GetPriorityGrouping	4	static
core_cm3.h:1452:22:NVIC_EnableIRQ	16	static
core_cm3.h:1463:22:NVIC_DisableIRQ	16	static
core_cm3.h:1476:26:NVIC_GetPendingIRQ	16	static
core_cm3.h:1487:22:NVIC_SetPendingIRQ	16	static
core_cm3.h:1498:22:NVIC_ClearPendingIRQ	16	static
core_cm3.h:1511:26:NVIC_GetActive	16	static
core_cm3.h:1524:22:NVIC_SetPriority	16	static
core_cm3.h:1546:26:NVIC_GetPriority	16	static
core_cm3.h:1571:26:NVIC_EncodePriority	40	static
core_cm3.h:1598:22:NVIC_DecodePriority	40	static
core_cm3.h:1616:22:NVIC_SystemReset	4	static,ignoring_inline_asm
core_cm3.h:1656:26:SysTick_Config	16	static
stm32l1xx_hal_cortex.c:185:6:HAL_NVIC_SetPriorityGrouping	16	static
stm32l1xx_hal_cortex.c:207:6:HAL_NVIC_SetPriority	32	static
stm32l1xx_hal_cortex.c:229:6:HAL_NVIC_EnableIRQ	16	static
stm32l1xx_hal_cortex.c:245:6:HAL_NVIC_DisableIRQ	16	static
stm32l1xx_hal_cortex.c:258:6:HAL_NVIC_SystemReset	8	static
stm32l1xx_hal_cortex.c:271:10:HAL_SYSTICK_Config	16	static
stm32l1xx_hal_cortex.c:307:6:HAL_MPU_Enable	16	static,ignoring_inline_asm
stm32l1xx_hal_cortex.c:321:6:HAL_MPU_Disable	4	static,ignoring_inline_asm
stm32l1xx_hal_cortex.c:336:6:HAL_MPU_ConfigRegion	16	static
stm32l1xx_hal_cortex.c:380:10:HAL_NVIC_GetPriorityGrouping	8	static
stm32l1xx_hal_cortex.c:407:6:HAL_NVIC_GetPriority	24	static
stm32l1xx_hal_cortex.c:422:6:HAL_NVIC_SetPendingIRQ	16	static
stm32l1xx_hal_cortex.c:437:10:HAL_NVIC_GetPendingIRQ	16	static
stm32l1xx_hal_cortex.c:450:6:HAL_NVIC_ClearPendingIRQ	16	static
stm32l1xx_hal_cortex.c:464:10:HAL_NVIC_GetActive	16	static
stm32l1xx_hal_cortex.c:478:6:HAL_SYSTICK_CLKSourceConfig	16	static
stm32l1xx_hal_cortex.c:496:6:HAL_SYSTICK_IRQHandler	8	static
stm32l1xx_hal_cortex.c:505:13:HAL_SYSTICK_Callback	4	static
