stm32l1xx_hal_spi.c:181:26:HAL_SPI_Init	16	static
stm32l1xx_hal_spi.c:195:19:HAL_SPI_DeInit	16	static
stm32l1xx_hal_spi.c:224:14:HAL_SPI_MspInit	16	static
stm32l1xx_hal_spi.c:240:14:HAL_SPI_MspDeInit	16	static
stm32l1xx_hal_spi.c:295:19:HAL_SPI_Transmit	32	static
stm32l1xx_hal_spi.c:438:19:HAL_SPI_Receive	40	static
stm32l1xx_hal_spi.c:613:19:HAL_SPI_TransmitReceive	32	static
stm32l1xx_hal_spi.c:862:19:HAL_SPI_Transmit_IT	24	static
stm32l1xx_hal_spi.c:938:19:HAL_SPI_Receive_IT	24	static
stm32l1xx_hal_spi.c:1019:19:HAL_SPI_TransmitReceive_IT	24	static
stm32l1xx_hal_spi.c:1090:19:HAL_SPI_Transmit_DMA	24	static
stm32l1xx_hal_spi.c:1174:19:HAL_SPI_Receive_DMA	24	static
stm32l1xx_hal_spi.c:1264:19:HAL_SPI_TransmitReceive_DMA	24	static
stm32l1xx_hal_spi.c:1375:19:HAL_SPI_DMAPause	16	static
stm32l1xx_hal_spi.c:1396:19:HAL_SPI_DMAResume	16	static
stm32l1xx_hal_spi.c:1417:19:HAL_SPI_DMAStop	16	static
stm32l1xx_hal_spi.c:1451:6:HAL_SPI_IRQHandler	32	static
stm32l1xx_hal_spi.c:1515:13:HAL_SPI_TxCpltCallback	16	static
stm32l1xx_hal_spi.c:1531:13:HAL_SPI_RxCpltCallback	16	static
stm32l1xx_hal_spi.c:1547:13:HAL_SPI_TxRxCpltCallback	16	static
stm32l1xx_hal_spi.c:1563:13:HAL_SPI_TxHalfCpltCallback	16	static
stm32l1xx_hal_spi.c:1579:13:HAL_SPI_RxHalfCpltCallback	16	static
stm32l1xx_hal_spi.c:1595:13:HAL_SPI_TxRxHalfCpltCallback	16	static
stm32l1xx_hal_spi.c:1611:14:HAL_SPI_ErrorCallback	16	static
stm32l1xx_hal_spi.c:1648:22:HAL_SPI_GetState	16	static
stm32l1xx_hal_spi.c:1659:10:HAL_SPI_GetError	16	static
stm32l1xx_hal_spi.c:1685:13:SPI_TxCloseIRQHandler	24	static
stm32l1xx_hal_spi.c:1746:13:SPI_TxISR	16	static
stm32l1xx_hal_spi.c:1778:13:SPI_RxCloseIRQHandler	24	static
stm32l1xx_hal_spi.c:1858:13:SPI_2LinesRxISR	16	static
stm32l1xx_hal_spi.c:1885:13:SPI_RxISR	16	static
stm32l1xx_hal_spi.c:1919:13:SPI_DMATransmitCplt	24	static
stm32l1xx_hal_spi.c:1968:13:SPI_DMAReceiveCplt	24	static
stm32l1xx_hal_spi.c:2041:13:SPI_DMATransmitReceiveCplt	24	static
stm32l1xx_hal_spi.c:2118:13:SPI_DMAHalfTransmitCplt	24	static
stm32l1xx_hal_spi.c:2131:13:SPI_DMAHalfReceiveCplt	24	static
stm32l1xx_hal_spi.c:2144:13:SPI_DMAHalfTransmitReceiveCplt	24	static
stm32l1xx_hal_spi.c:2157:13:SPI_DMAError	24	static
stm32l1xx_hal_spi.c:2176:26:SPI_WaitOnFlagUntilTimeout	32	static
