main.c:116:5:main	8	static
main.c:171:6:HAL_TIM_PeriodElapsedCallback	40	static
main.c:192:6:SystemClock_Config	80	static
main.c:233:13:MX_DAC_Init	16	static
main.c:277:13:MX_I2C1_Init	8	static
main.c:311:13:MX_I2C2_Init	8	static
main.c:358:13:MX_SPI1_Init	8	static
main.c:396:13:MX_SPI2_Init	8	static
main.c:434:13:MX_SPI3_Init	8	static
main.c:473:13:MX_TIM2_Init	32	static
main.c:532:13:MX_USART1_UART_Init	8	static
main.c:565:13:MX_USART2_UART_Init	8	static
main.c:598:13:MX_USART3_UART_Init	8	static
main.c:631:13:MX_USB_PCD_Init	8	static
main.c:662:13:MX_GPIO_Init	56	static
main.c:769:1:__io_putchar	16	static
main.c:784:6:Error_Handler	4	static
