main.c:90:5:main	8	static
main.c:143:6:SystemClock_Config	80	static
main.c:183:13:MX_DAC_Init	16	static
main.c:227:13:MX_I2C1_Init	8	static
main.c:261:13:MX_I2C2_Init	8	static
main.c:295:13:MX_SPI1_Init	8	static
main.c:333:13:MX_SPI2_Init	8	static
main.c:371:13:MX_SPI3_Init	8	static
main.c:409:13:MX_USART1_UART_Init	8	static
main.c:442:13:MX_USART2_UART_Init	8	static
main.c:475:13:MX_USART3_UART_Init	8	static
main.c:508:13:MX_USB_PCD_Init	8	static
main.c:539:13:MX_GPIO_Init	56	static
main.c:644:6:Error_Handler	4	static
